\BOOKMARK [1][-]{section.1}{\376\377\000P\000r\000o\000j\000e\000c\000t\000\040\000V\000i\000s\000i\000o\000n\000\040\000a\000n\000d\000\040\000S\000c\000o\000p\000e}{}% 1
\BOOKMARK [2][-]{subsection.1.1}{\376\377\000K\000e\000y\000\040\000D\000e\000l\000i\000v\000e\000r\000a\000b\000l\000e\000s\000\040\000a\000n\000d\000\040\000D\000e\000f\000i\000n\000e\000d\000\040\000B\000o\000u\000n\000d\000a\000r\000i\000e\000s}{section.1}% 2
\BOOKMARK [3][-]{subsubsection.1.1.1}{\376\377\000K\000e\000y\000\040\000D\000e\000l\000i\000v\000e\000r\000a\000b\000l\000e\000s}{subsection.1.1}% 3
\BOOKMARK [3][-]{subsubsection.1.1.2}{\376\377\000P\000r\000o\000j\000e\000c\000t\000\040\000B\000o\000u\000n\000d\000a\000r\000i\000e\000s}{subsection.1.1}% 4
\BOOKMARK [1][-]{section.2}{\376\377\000P\000r\000o\000j\000e\000c\000t\000\040\000T\000i\000m\000e\000l\000i\000n\000e\000\040\000\046\000\040\000M\000i\000l\000e\000s\000t\000o\000n\000e\000s}{}% 5
\BOOKMARK [1][-]{section.3}{\376\377\000S\000y\000s\000t\000e\000m\000\040\000A\000r\000c\000h\000i\000t\000e\000c\000t\000u\000r\000e\000\040\000a\000n\000d\000\040\000T\000e\000c\000h\000n\000i\000c\000a\000l\000\040\000D\000e\000s\000i\000g\000n}{}% 6
\BOOKMARK [2][-]{subsection.3.1}{\376\377\000H\000i\000g\000h\000-\000L\000e\000v\000e\000l\000\040\000S\000y\000s\000t\000e\000m\000\040\000D\000e\000s\000i\000g\000n}{section.3}% 7
\BOOKMARK [2][-]{subsection.3.2}{\376\377\000C\000o\000r\000e\000\040\000T\000e\000c\000h\000n\000i\000c\000a\000l\000\040\000C\000o\000m\000p\000o\000n\000e\000n\000t\000s}{section.3}% 8
\BOOKMARK [3][-]{subsubsection.3.2.1}{\376\377\000C\000l\000i\000e\000n\000t}{subsection.3.2}% 9
\BOOKMARK [3][-]{subsubsection.3.2.2}{\376\377\000P\000r\000o\000x\000y}{subsection.3.2}% 10
\BOOKMARK [3][-]{subsubsection.3.2.3}{\376\377\000S\000e\000r\000v\000e\000r}{subsection.3.2}% 11
\BOOKMARK [1][-]{section.4}{\376\377\000M\000e\000t\000h\000o\000d\000o\000l\000o\000g\000y}{}% 12
\BOOKMARK [2][-]{subsection.4.1}{\376\377\000P\000r\000o\000j\000e\000c\000t\000\040\000M\000a\000n\000a\000g\000e\000m\000e\000n\000t}{section.4}% 13
\BOOKMARK [2][-]{subsection.4.2}{\376\377\000S\000y\000s\000t\000e\000m\000\040\000D\000e\000s\000i\000g\000n}{section.4}% 14
\BOOKMARK [2][-]{subsection.4.3}{\376\377\000D\000a\000t\000a\000b\000a\000s\000e\000\040\000D\000e\000s\000i\000g\000n}{section.4}% 15
\BOOKMARK [2][-]{subsection.4.4}{\376\377\000P\000r\000o\000m\000p\000t\000\040\000E\000n\000g\000i\000n\000e\000e\000r\000i\000n\000g}{section.4}% 16
\BOOKMARK [1][-]{section.5}{\376\377\000T\000e\000a\000m\000\040\000r\000o\000l\000e\000s}{}% 17
\BOOKMARK [1][-]{section.6}{\376\377\000E\000v\000a\000l\000u\000a\000t\000i\000o\000n}{}% 18
\BOOKMARK [1][-]{section.7}{\376\377\000C\000u\000r\000r\000e\000n\000t\000\040\000P\000r\000o\000g\000r\000e\000s\000s\000\040\000a\000n\000d\000\040\000F\000u\000t\000u\000r\000e\000\040\000P\000l\000a\000n\000s}{}% 19
\BOOKMARK [1][-]{section.8}{\376\377\000P\000r\000o\000j\000e\000c\000t\000\040\000P\000i\000t\000c\000h\000\040\000V\000i\000d\000e\000o\000\040\000\050\000A\000t\000t\000a\000c\000h\000e\000d\000\051}{}% 20
\BOOKMARK [1][-]{section.9}{\376\377\000U\000s\000a\000g\000e\000\040\000o\000f\000\040\000G\000e\000n\000A\000I\000\040\000d\000u\000r\000i\000n\000g\000\040\000t\000h\000e\000\040\000D\000o\000c\000u\000m\000e\000n\000t\000'\000s\000\040\000C\000r\000e\000a\000t\000i\000o\000n}{}% 21
